com\devglan\model\ShgFinTxnEntity.class
com\devglan\model\FundingAgencyMasterEntity.class
com\devglan\utils\DateUtils.class
com\devglan\domain\UploadShgMeeting.class
com\devglan\domain\ShgProfileWithMandatory.class
com\devglan\model\ShgGroupLoanTxnEntity.class
com\devglan\tenant\dao\ShgGroupLoanTxnDao.class
com\devglan\tenant\dao\CboPhoneNoDetailsDao.class
com\devglan\tenant\dao\MemberAddressesDetailsDao.class
com\devglan\tenant\dao\ShgMemLoanScheduleDao.class
com\devglan\model\UsersRoleRightsMapEntity.class
com\devglan\tenant\dao\SHGDesignationDao.class
com\devglan\domain\VoGroupLoanSchedule.class
com\devglan\tenant\dao\DocumentDetailsDao.class
com\devglan\tenant\dao\VoMemSettlementDao.class
com\devglan\model\VoFinTxnDetGrpEntity.class
com\devglan\domain\FederationProfile.class
com\devglan\mapper\VoMeetingMapper.class
com\devglan\tenant\dao\VoFinTxnDetMemEntityDao.class
com\devglan\service\SeshatService.class
com\devglan\tenant\dao\ClfGroupLoanScheduleDao.class
com\devglan\model\ShgMemLoanTxnEntity.class
com\devglan\domain\ShgFinTxn.class
com\devglan\model\UserDetails.class
com\devglan\model\VoMemLoanScheduleEntity.class
com\devglan\domain\CBOAddresses.class
com\devglan\model\CboAddressesDetailsEntity.class
com\devglan\domain\ShgMtgDet.class
com\devglan\model\ShgMtgDetEntity.class
com\devglan\tenant\dao\CadreShgMembersDao.class
com\devglan\tenant\dao\MemberBankDetailsDao.class
com\devglan\tenant\dao\VoMemLoanEntityDao.class
com\devglan\tenant\dao\ShgGroupLoanScheduleDao.class
com\devglan\model\ShgFinTxnVouchersEntity.class
com\devglan\model\VoGroupLoanEntity.class
com\devglan\domain\VoMemLoan.class
com\devglan\mapper\GroupMapper.class
com\devglan\tenant\dao\VoMemLoanTxnEntityDao.class
com\devglan\model\ClfFinTxnDetMemEntity.class
com\devglan\model\VoFinTxnDetMemEntity.class
com\devglan\domain\ShgGroupLoan.class
com\devglan\domain\MemberDetailsForMapping.class
com\devglan\model\ShgProfileEntity.class
com\devglan\utils\AESPasswordEncoder.class
com\devglan\model\UploadVoMeeting.class
com\devglan\domain\ShgFinTxnVouchers.class
com\devglan\tenant\dao\ShgFinTxnDetMemDao.class
com\devglan\model\VillageMasterEntity.class
com\devglan\model\CboPhoneNoDetailsEntity.class
com\devglan\tenant\dao\ShgMemSettlementDao.class
com\devglan\tenant\dao\ProfileMasterDataDao.class
com\devglan\domain\ShgLoanApplication.class
com\devglan\model\VoMtgDetEntity.class
com\devglan\tenant\dao\TransactionStatusDao.class
com\devglan\domain\MemberInsurance.class
com\devglan\tenant\dao\ShgMtgDao.class
com\devglan\tenant\dao\VoFinTxnVouchersDao.class
com\devglan\tenant\dao\MemberSystemTagsDao.class
com\devglan\service\TenantService.class
com\devglan\domain\ShgGroupLoanTxn.class
com\devglan\domain\CboKYCDetails.class
com\devglan\model\ShgMemLoanEntity.class
com\devglan\tenant\dao\PGFunctionProcedureService.class
com\devglan\model\MemberAddressesDetailsEntity.class
com\devglan\model\TransactionStatusEntity.class
com\devglan\tenant\dao\ShgFinTxnDao.class
com\devglan\exception\CustomGlobalExceptionHandler.class
com\devglan\tenant\dao\VoFinTxnEntityDao.class
com\devglan\model\ClfGroupLoanScheduleEntity.class
com\devglan\domain\SHGDesignation.class
com\devglan\model\ShgFinTxnDetGrpEntity.class
com\devglan\domain\SubCommittee.class
com\devglan\model\CboMappingDetailsEntity.class
com\devglan\tenant\dao\MemberKYCDetailsDao.class
com\devglan\exception\DatabaseOperationError.class
com\devglan\domain\MemberProfile.class
com\devglan\domain\CadreNonMembersModel.class
com\devglan\model\ClfMemLoanEntity.class
com\devglan\model\DistrictMasterEntity.class
com\devglan\domain\VoGroupLoanTxn.class
com\devglan\domain\VoMemSettlement.class
com\devglan\model\MemberExecutiveMemberEntity.class
com\devglan\utils\ServiceConstants$loanTxnProcessFlag.class
com\devglan\domain\ShgFinTxnDetMem.class
com\devglan\config\SeshatDBConfig.class
com\devglan\model\MemberProfileEntity.class
com\devglan\domain\SubCommitteeMember.class
com\devglan\model\ClfMtgDetailsEntity.class
com\devglan\model\CadreShgMembersEntity.class
com\devglan\domain\UploadVoMeeting.class
com\devglan\model\TenantsEntity.class
com\devglan\model\ClfMemLoanScheduleEntity.class
com\devglan\tenant\dao\ShgMtgDetDao.class
com\devglan\domain\CBOBankDetails.class
com\devglan\domain\SystemTags.class
com\devglan\model\ShgFinTxnDetMemEntity.class
com\devglan\domain\ShgMemLoan.class
com\devglan\model\ShgGroupLoanEntity.class
com\devglan\tenant\dao\VoGroupLoanTxnEntityDao.class
com\devglan\model\TestEntity.class
com\devglan\domain\ShgMemSettlement.class
com\devglan\service\impl\TenantServiceImpl.class
com\devglan\model\MemberKYCDetailsEntity.class
com\devglan\domain\VoFinTxnDetMem.class
com\devglan\model\CboBankDetailsEntity.class
com\devglan\model\MemberBankDetailsEntity.class
com\devglan\domain\VoGroupLoan.class
com\devglan\Application.class
com\devglan\domain\MemberPhoneNoDetails.class
com\devglan\tenant\dao\ShgLoanApplicationDao.class
com\devglan\tenant\dao\CboBankDetailsDao.class
com\devglan\mapper\MeetingMapper.class
com\devglan\tenant\dao\ClfFinTxnDetGrpDao.class
com\devglan\model\DocumentDetailsEntity.class
com\devglan\model\VoGroupLoanTxnEntity.class
com\devglan\tenant\dao\ShgFinTxnDetGrpDao.class
com\devglan\domain\MemberSystemTags.class
com\devglan\tenant\dao\VoMemLoanScheduleEntityDao.class
com\devglan\domain\DocumentDetails.class
com\devglan\domain\ShgFinTxnDetGrp.class
com\devglan\model\VoMtgEntity.class
com\devglan\tenant\dao\MemberPhoneNoDetailsDao.class
com\devglan\domain\CboMappingDetails.class
com\devglan\model\ProfileMasterDataEntity.class
com\devglan\domain\CadreShgMembersModel.class
com\devglan\tenant\dao\ShgMemLoanDao.class
com\devglan\utils\ProfileTypeConstants.class
com\devglan\model\PanchayatMasterEntity.class
com\devglan\model\ShgMemSettlementEntity.class
com\devglan\model\LookUpMasterEntity.class
com\devglan\model\VoFinTxnEntity.class
com\devglan\domain\VoMemLoanSchedule.class
com\devglan\tenant\dao\VoMtgDetEntityDao.class
com\devglan\tenant\dao\ShgGroupLoanDao.class
com\devglan\tenant\dao\VoMtgEntityDao.class
com\devglan\domain\ShgMemLoanSchedule.class
com\devglan\tenant\dao\VoFinTxnDetGrpEntityDao.class
com\devglan\tenant\dao\UserDao.class
com\devglan\tenant\dao\CboAddressesDetailsDao.class
com\devglan\tenant\dao\ClfMemLoanDao.class
com\devglan\seshat\dao\TenantsDao.class
com\devglan\domain\ShgGroupLoanSchedule.class
com\devglan\tenant\dao\SystemTagsDao.class
com\devglan\model\ShgGroupLoanScheduleEntity.class
com\devglan\model\ShgMtgEntity.class
com\devglan\SchedulerConfig.class
com\devglan\domain\VoFinTxnVouchers.class
com\devglan\mapper\MemberMapper.class
com\devglan\model\ShgMemLoanScheduleEntity.class
com\devglan\config\TenantDBConfig.class
com\devglan\model\UsersRoleRightsMapping.class
com\devglan\model\VoMemLoanTxnEntity.class
com\devglan\domain\CBOPhoneNoDetails.class
com\devglan\domain\VoMtgDet.class
com\devglan\utils\ServiceConstants.class
com\devglan\tenant\dao\ClfMemLoanScheduleDao.class
com\devglan\model\VoFinTxnVouchersEntity.class
com\devglan\domain\VoFinTxn.class
com\devglan\model\VoMemLoanEntity.class
com\devglan\tenant\dao\CboKYCDetailsDao.class
com\devglan\tenant\dao\ShgMemLoanTxnDao.class
com\devglan\domain\ShgMemLoanTxn.class
com\devglan\model\VoMemSettlementEntity.class
com\devglan\model\MemberProfileMasterDataEntity.class
com\devglan\tenant\dao\ClfFinTxnDetMemDao.class
com\devglan\domain\ShgMtg.class
com\devglan\service\impl\SeshatServiceImpl.class
com\devglan\model\CboKYCDetailsEntity.class
com\devglan\tenant\dao\MemberProfileMasterDataDao.class
com\devglan\tenant\dao\CadreNonMemberDao.class
com\devglan\model\SystemTagsEntity.class
com\devglan\model\FederationProfileEntity.class
com\devglan\model\BlockMasterEntity.class
com\devglan\tenant\dao\ClfGroupLoanDao.class
com\devglan\utils\EncryptionAadhaarNrlm.class
com\devglan\model\ClfGroupLoanEntity.class
com\devglan\model\MemberPhoneNoDetailsEntity.class
com\devglan\tenant\dao\VoGroupLoanDao.class
com\devglan\model\ClfFinTxnDetGrpEntity.class
com\devglan\model\Processing_JsonEntity.class
com\devglan\model\SHGDesignationEntity.class
com\devglan\domain\MemberKYCDetails.class
com\devglan\model\ShgLoanApplicationEntity.class
com\devglan\model\StateMasterEntity.class
com\devglan\tenant\dao\TestDao.class
com\devglan\domain\MemberAddresses.class
com\devglan\model\ShgMcpEntity.class
com\devglan\tenant\dao\MemberInsuranceDao.class
com\devglan\domain\VoFinTxnDetGrp.class
com\devglan\model\MemberSystemTagsEntity.class
com\devglan\domain\VoLoanApplication.class
com\devglan\tenant\dao\MemberProfileDao.class
com\devglan\tenant\dao\UsersRoleRightsMapDao.class
com\devglan\tenant\dao\ProcessingJsonDao.class
com\devglan\model\MemberInsuranceEntity.class
com\devglan\tenant\dao\VoLoanApplicationEntityDao.class
com\devglan\domain\VoMemLoanTxn.class
com\devglan\domain\ECMember.class
com\devglan\domain\VoMtg.class
com\devglan\tenant\dao\FederationProfileDao.class
com\devglan\tenant\dao\VoGroupLoanScheduleEntityDao.class
com\devglan\domain\ShgMcp.class
com\devglan\domain\SHGProfile.class
com\devglan\service\PGFunctionProcedureService.class
com\devglan\utils\SHA.class
com\devglan\domain\MemberBank.class
com\devglan\model\VoGroupLoanScheduleEntity.class
com\devglan\tenant\dao\ShgFinTxnVouchersDao.class
com\devglan\model\CadreNonMembersEntity.class
com\devglan\tenant\dao\ShgMcpDao.class
com\devglan\model\VoLoanApplicationEntity.class
com\devglan\tenant\dao\ClfMtgDetailsDao.class
com\devglan\controller\SeshatController.class
com\devglan\domain\MemberPhoneMapping.class
com\devglan\tenant\dao\SHGProfileDao.class
