C:\mocroWare\LokosQueueScheduler\src\main\java\com\devglan\tenant\dao\VoMemLoanTxnEntityDao.java
C:\mocroWare\LokosQueueScheduler\src\main\java\com\devglan\domain\ShgMemLoanSchedule.java
C:\mocroWare\LokosQueueScheduler\src\main\java\com\devglan\model\VoMemLoanScheduleEntity.java
C:\mocroWare\LokosQueueScheduler\src\main\java\com\devglan\model\ClfGroupLoanEntity.java
C:\mocroWare\LokosQueueScheduler\src\main\java\com\devglan\model\ShgFinTxnEntity.java
C:\mocroWare\LokosQueueScheduler\src\main\java\com\devglan\domain\SHGProfile.java
C:\mocroWare\LokosQueueScheduler\src\main\java\com\devglan\controller\SeshatController.java
C:\mocroWare\LokosQueueScheduler\src\main\java\com\devglan\domain\MemberSystemTags.java
C:\mocroWare\LokosQueueScheduler\src\main\java\com\devglan\model\VoMemLoanTxnEntity.java
C:\mocroWare\LokosQueueScheduler\src\main\java\com\devglan\domain\ShgMtgDet.java
C:\mocroWare\LokosQueueScheduler\src\main\java\com\devglan\domain\CBOAddresses.java
C:\mocroWare\LokosQueueScheduler\src\main\java\com\devglan\domain\UploadShgMeeting.java
C:\mocroWare\LokosQueueScheduler\src\main\java\com\devglan\tenant\dao\MemberPhoneNoDetailsDao.java
C:\mocroWare\LokosQueueScheduler\src\main\java\com\devglan\tenant\dao\MemberProfileDao.java
C:\mocroWare\LokosQueueScheduler\src\main\java\com\devglan\tenant\dao\ShgMtgDao.java
C:\mocroWare\LokosQueueScheduler\src\main\java\com\devglan\model\ClfMtgDetailsEntity.java
C:\mocroWare\LokosQueueScheduler\src\main\java\com\devglan\model\MemberInsuranceEntity.java
C:\mocroWare\LokosQueueScheduler\src\main\java\com\devglan\tenant\dao\ShgFinTxnDetGrpDao.java
C:\mocroWare\LokosQueueScheduler\src\main\java\com\devglan\model\ShgProfileEntity.java
C:\mocroWare\LokosQueueScheduler\src\main\java\com\devglan\model\ShgFinTxnDetGrpEntity.java
C:\mocroWare\LokosQueueScheduler\src\main\java\com\devglan\domain\ShgMemLoan.java
C:\mocroWare\LokosQueueScheduler\src\main\java\com\devglan\tenant\dao\MemberProfileMasterDataDao.java
C:\mocroWare\LokosQueueScheduler\src\main\java\com\devglan\domain\VoFinTxnVouchers.java
C:\mocroWare\LokosQueueScheduler\src\main\java\com\devglan\domain\SubCommitteeMember.java
C:\mocroWare\LokosQueueScheduler\src\main\java\com\devglan\domain\DocumentDetails.java
C:\mocroWare\LokosQueueScheduler\src\main\java\com\devglan\domain\MemberAddresses.java
C:\mocroWare\LokosQueueScheduler\src\main\java\com\devglan\model\CboMappingDetailsEntity.java
C:\mocroWare\LokosQueueScheduler\src\main\java\com\devglan\tenant\dao\TransactionStatusDao.java
C:\mocroWare\LokosQueueScheduler\src\main\java\com\devglan\model\MemberProfileEntity.java
C:\mocroWare\LokosQueueScheduler\src\main\java\com\devglan\service\SeshatService.java
C:\mocroWare\LokosQueueScheduler\src\main\java\com\devglan\domain\MemberPhoneMapping.java
C:\mocroWare\LokosQueueScheduler\src\main\java\com\devglan\model\SystemTagsEntity.java
C:\mocroWare\LokosQueueScheduler\src\main\java\com\devglan\tenant\dao\ClfMemLoanScheduleDao.java
C:\mocroWare\LokosQueueScheduler\src\main\java\com\devglan\model\ShgFinTxnDetMemEntity.java
C:\mocroWare\LokosQueueScheduler\src\main\java\com\devglan\tenant\dao\ClfGroupLoanDao.java
C:\mocroWare\LokosQueueScheduler\src\main\java\com\devglan\exception\DatabaseOperationError.java
C:\mocroWare\LokosQueueScheduler\src\main\java\com\devglan\tenant\dao\ShgGroupLoanScheduleDao.java
C:\mocroWare\LokosQueueScheduler\src\main\java\com\devglan\model\LookUpMasterEntity.java
C:\mocroWare\LokosQueueScheduler\src\main\java\com\devglan\domain\UploadVoMeeting.java
C:\mocroWare\LokosQueueScheduler\src\main\java\com\devglan\domain\VoGroupLoanSchedule.java
C:\mocroWare\LokosQueueScheduler\src\main\java\com\devglan\domain\ShgLoanApplication.java
C:\mocroWare\LokosQueueScheduler\src\main\java\com\devglan\domain\SHGDesignation.java
C:\mocroWare\LokosQueueScheduler\src\main\java\com\devglan\model\MemberBankDetailsEntity.java
C:\mocroWare\LokosQueueScheduler\src\main\java\com\devglan\domain\ShgGroupLoanSchedule.java
C:\mocroWare\LokosQueueScheduler\src\main\java\com\devglan\tenant\dao\ShgMemSettlementDao.java
C:\mocroWare\LokosQueueScheduler\src\main\java\com\devglan\service\TenantService.java
C:\mocroWare\LokosQueueScheduler\src\main\java\com\devglan\model\CadreShgMembersEntity.java
C:\mocroWare\LokosQueueScheduler\src\main\java\com\devglan\model\FundingAgencyMasterEntity.java
C:\mocroWare\LokosQueueScheduler\src\main\java\com\devglan\model\VoFinTxnDetGrpEntity.java
C:\mocroWare\LokosQueueScheduler\src\main\java\com\devglan\model\ClfFinTxnDetGrpEntity.java
C:\mocroWare\LokosQueueScheduler\src\main\java\com\devglan\tenant\dao\VoMtgEntityDao.java
C:\mocroWare\LokosQueueScheduler\src\main\java\com\devglan\tenant\dao\ShgMtgDetDao.java
C:\mocroWare\LokosQueueScheduler\src\main\java\com\devglan\utils\EncryptionAadhaarNrlm.java
C:\mocroWare\LokosQueueScheduler\src\main\java\com\devglan\model\VoMemSettlementEntity.java
C:\mocroWare\LokosQueueScheduler\src\main\java\com\devglan\tenant\dao\VoFinTxnEntityDao.java
C:\mocroWare\LokosQueueScheduler\src\main\java\com\devglan\domain\VoMemLoanTxn.java
C:\mocroWare\LokosQueueScheduler\src\main\java\com\devglan\model\ShgGroupLoanTxnEntity.java
C:\mocroWare\LokosQueueScheduler\src\main\java\com\devglan\domain\ShgProfileWithMandatory.java
C:\mocroWare\LokosQueueScheduler\src\main\java\com\devglan\model\ShgGroupLoanEntity.java
C:\mocroWare\LokosQueueScheduler\src\main\java\com\devglan\domain\VoFinTxnDetGrp.java
C:\mocroWare\LokosQueueScheduler\src\main\java\com\devglan\tenant\dao\CadreNonMemberDao.java
C:\mocroWare\LokosQueueScheduler\src\main\java\com\devglan\model\TransactionStatusEntity.java
C:\mocroWare\LokosQueueScheduler\src\main\java\com\devglan\model\VoLoanApplicationEntity.java
C:\mocroWare\LokosQueueScheduler\src\main\java\com\devglan\model\VoMtgEntity.java
C:\mocroWare\LokosQueueScheduler\src\main\java\com\devglan\model\ProfileMasterDataEntity.java
C:\mocroWare\LokosQueueScheduler\src\main\java\com\devglan\model\ShgMtgEntity.java
C:\mocroWare\LokosQueueScheduler\src\main\java\com\devglan\tenant\dao\ShgMemLoanTxnDao.java
C:\mocroWare\LokosQueueScheduler\src\main\java\com\devglan\model\VoMemLoanEntity.java
C:\mocroWare\LokosQueueScheduler\src\main\java\com\devglan\seshat\dao\TenantsDao.java
C:\mocroWare\LokosQueueScheduler\src\main\java\com\devglan\domain\ShgMcp.java
C:\mocroWare\LokosQueueScheduler\src\main\java\com\devglan\model\MemberExecutiveMemberEntity.java
C:\mocroWare\LokosQueueScheduler\src\main\java\com\devglan\tenant\dao\FederationProfileDao.java
C:\mocroWare\LokosQueueScheduler\src\main\java\com\devglan\model\TestEntity.java
C:\mocroWare\LokosQueueScheduler\src\main\java\com\devglan\model\ShgGroupLoanScheduleEntity.java
C:\mocroWare\LokosQueueScheduler\src\main\java\com\devglan\model\VoGroupLoanTxnEntity.java
C:\mocroWare\LokosQueueScheduler\src\main\java\com\devglan\model\CboPhoneNoDetailsEntity.java
C:\mocroWare\LokosQueueScheduler\src\main\java\com\devglan\tenant\dao\PGFunctionProcedureService.java
C:\mocroWare\LokosQueueScheduler\src\main\java\com\devglan\domain\MemberProfile.java
C:\mocroWare\LokosQueueScheduler\src\main\java\com\devglan\domain\SubCommittee.java
C:\mocroWare\LokosQueueScheduler\src\main\java\com\devglan\service\impl\TenantServiceImpl.java
C:\mocroWare\LokosQueueScheduler\src\main\java\com\devglan\model\DistrictMasterEntity.java
C:\mocroWare\LokosQueueScheduler\src\main\java\com\devglan\tenant\dao\VoMemLoanScheduleEntityDao.java
C:\mocroWare\LokosQueueScheduler\src\main\java\com\devglan\tenant\dao\CboAddressesDetailsDao.java
C:\mocroWare\LokosQueueScheduler\src\main\java\com\devglan\tenant\dao\MemberSystemTagsDao.java
C:\mocroWare\LokosQueueScheduler\src\main\java\com\devglan\model\VoFinTxnVouchersEntity.java
C:\mocroWare\LokosQueueScheduler\src\main\java\com\devglan\service\impl\SeshatServiceImpl.java
C:\mocroWare\LokosQueueScheduler\src\main\java\com\devglan\tenant\dao\ClfGroupLoanScheduleDao.java
C:\mocroWare\LokosQueueScheduler\src\main\java\com\devglan\model\ShgMemLoanEntity.java
C:\mocroWare\LokosQueueScheduler\src\main\java\com\devglan\tenant\dao\VoFinTxnVouchersDao.java
C:\mocroWare\LokosQueueScheduler\src\main\java\com\devglan\model\CboKYCDetailsEntity.java
C:\mocroWare\LokosQueueScheduler\src\main\java\com\devglan\model\CboAddressesDetailsEntity.java
C:\mocroWare\LokosQueueScheduler\src\main\java\com\devglan\model\ShgMemSettlementEntity.java
C:\mocroWare\LokosQueueScheduler\src\main\java\com\devglan\model\ClfMemLoanEntity.java
C:\mocroWare\LokosQueueScheduler\src\main\java\com\devglan\domain\CBOPhoneNoDetails.java
C:\mocroWare\LokosQueueScheduler\src\main\java\com\devglan\model\BlockMasterEntity.java
C:\mocroWare\LokosQueueScheduler\src\main\java\com\devglan\tenant\dao\MemberKYCDetailsDao.java
C:\mocroWare\LokosQueueScheduler\src\main\java\com\devglan\tenant\dao\VoFinTxnDetMemEntityDao.java
C:\mocroWare\LokosQueueScheduler\src\main\java\com\devglan\tenant\dao\VoGroupLoanTxnEntityDao.java
C:\mocroWare\LokosQueueScheduler\src\main\java\com\devglan\exception\GlobalExceptionHandler.java
C:\mocroWare\LokosQueueScheduler\src\main\java\com\devglan\tenant\dao\VoGroupLoanDao.java
C:\mocroWare\LokosQueueScheduler\src\main\java\com\devglan\domain\VoMemSettlement.java
C:\mocroWare\LokosQueueScheduler\src\main\java\com\devglan\tenant\dao\VoGroupLoanScheduleEntityDao.java
C:\mocroWare\LokosQueueScheduler\src\main\java\com\devglan\domain\ShgMtg.java
C:\mocroWare\LokosQueueScheduler\src\main\java\com\devglan\model\CboBankDetailsEntity.java
C:\mocroWare\LokosQueueScheduler\src\main\java\com\devglan\mapper\MeetingMapper.java
C:\mocroWare\LokosQueueScheduler\src\main\java\com\devglan\tenant\dao\SHGProfileDao.java
C:\mocroWare\LokosQueueScheduler\src\main\java\com\devglan\tenant\dao\VoLoanApplicationEntityDao.java
C:\mocroWare\LokosQueueScheduler\src\main\java\com\devglan\tenant\dao\VoMemLoanEntityDao.java
C:\mocroWare\LokosQueueScheduler\src\main\java\com\devglan\model\UsersRoleRightsMapping.java
C:\mocroWare\LokosQueueScheduler\src\main\java\com\devglan\domain\SystemTags.java
C:\mocroWare\LokosQueueScheduler\src\main\java\com\devglan\domain\ShgGroupLoanTxn.java
C:\mocroWare\LokosQueueScheduler\src\main\java\com\devglan\model\TenantsEntity.java
C:\mocroWare\LokosQueueScheduler\src\main\java\com\devglan\domain\ShgMemSettlement.java
C:\mocroWare\LokosQueueScheduler\src\main\java\com\devglan\tenant\dao\VoMemSettlementDao.java
C:\mocroWare\LokosQueueScheduler\src\main\java\com\devglan\domain\ShgFinTxnVouchers.java
C:\mocroWare\LokosQueueScheduler\src\main\java\com\devglan\config\SeshatDBConfig.java
C:\mocroWare\LokosQueueScheduler\src\main\java\com\devglan\domain\ShgFinTxnDetGrp.java
C:\mocroWare\LokosQueueScheduler\src\main\java\com\devglan\tenant\dao\MemberBankDetailsDao.java
C:\mocroWare\LokosQueueScheduler\src\main\java\com\devglan\domain\ShgFinTxn.java
C:\mocroWare\LokosQueueScheduler\src\main\java\com\devglan\domain\VoFinTxnDetMem.java
C:\mocroWare\LokosQueueScheduler\src\main\java\com\devglan\model\ShgFinTxnVouchersEntity.java
C:\mocroWare\LokosQueueScheduler\src\main\java\com\devglan\model\ShgMtgDetEntity.java
C:\mocroWare\LokosQueueScheduler\src\main\java\com\devglan\model\MemberAddressesDetailsEntity.java
C:\mocroWare\LokosQueueScheduler\src\main\java\com\devglan\model\MemberProfileMasterDataEntity.java
C:\mocroWare\LokosQueueScheduler\src\main\java\com\devglan\tenant\dao\CboBankDetailsDao.java
C:\mocroWare\LokosQueueScheduler\src\main\java\com\devglan\tenant\dao\ShgFinTxnVouchersDao.java
C:\mocroWare\LokosQueueScheduler\src\main\java\com\devglan\model\VoGroupLoanScheduleEntity.java
C:\mocroWare\LokosQueueScheduler\src\main\java\com\devglan\tenant\dao\ClfMemLoanDao.java
C:\mocroWare\LokosQueueScheduler\src\main\java\com\devglan\tenant\dao\SystemTagsDao.java
C:\mocroWare\LokosQueueScheduler\src\main\java\com\devglan\tenant\dao\ClfFinTxnDetMemDao.java
C:\mocroWare\LokosQueueScheduler\src\main\java\com\devglan\model\Processing_JsonEntity.java
C:\mocroWare\LokosQueueScheduler\src\main\java\com\devglan\tenant\dao\TestDao.java
C:\mocroWare\LokosQueueScheduler\src\main\java\com\devglan\tenant\dao\MemberInsuranceDao.java
C:\mocroWare\LokosQueueScheduler\src\main\java\com\devglan\model\ShgMemLoanScheduleEntity.java
C:\mocroWare\LokosQueueScheduler\src\main\java\com\devglan\tenant\dao\ShgMemLoanDao.java
C:\mocroWare\LokosQueueScheduler\src\main\java\com\devglan\tenant\dao\UserDao.java
C:\mocroWare\LokosQueueScheduler\src\main\java\com\devglan\model\MemberPhoneNoDetailsEntity.java
C:\mocroWare\LokosQueueScheduler\src\main\java\com\devglan\domain\ShgFinTxnDetMem.java
C:\mocroWare\LokosQueueScheduler\src\main\java\com\devglan\mapper\GroupMapper.java
C:\mocroWare\LokosQueueScheduler\src\main\java\com\devglan\tenant\dao\ShgGroupLoanDao.java
C:\mocroWare\LokosQueueScheduler\src\main\java\com\devglan\domain\VoMemLoan.java
C:\mocroWare\LokosQueueScheduler\src\main\java\com\devglan\model\VoMtgDetEntity.java
C:\mocroWare\LokosQueueScheduler\src\main\java\com\devglan\tenant\dao\ClfFinTxnDetGrpDao.java
C:\mocroWare\LokosQueueScheduler\src\main\java\com\devglan\tenant\dao\CboPhoneNoDetailsDao.java
C:\mocroWare\LokosQueueScheduler\src\main\java\com\devglan\model\ShgMemLoanTxnEntity.java
C:\mocroWare\LokosQueueScheduler\src\main\java\com\devglan\domain\CadreNonMembersModel.java
C:\mocroWare\LokosQueueScheduler\src\main\java\com\devglan\model\DocumentDetailsEntity.java
C:\mocroWare\LokosQueueScheduler\src\main\java\com\devglan\model\MemberKYCDetailsEntity.java
C:\mocroWare\LokosQueueScheduler\src\main\java\com\devglan\tenant\dao\CboKYCDetailsDao.java
C:\mocroWare\LokosQueueScheduler\src\main\java\com\devglan\model\VoGroupLoanEntity.java
C:\mocroWare\LokosQueueScheduler\src\main\java\com\devglan\domain\MemberPhoneNoDetails.java
C:\mocroWare\LokosQueueScheduler\src\main\java\com\devglan\domain\MemberBank.java
C:\mocroWare\LokosQueueScheduler\src\main\java\com\devglan\domain\ECMember.java
C:\mocroWare\LokosQueueScheduler\src\main\java\com\devglan\model\ClfGroupLoanScheduleEntity.java
C:\mocroWare\LokosQueueScheduler\src\main\java\com\devglan\tenant\dao\ClfMtgDetailsDao.java
C:\mocroWare\LokosQueueScheduler\src\main\java\com\devglan\utils\SHA.java
C:\mocroWare\LokosQueueScheduler\src\main\java\com\devglan\utils\AESPasswordEncoder.java
C:\mocroWare\LokosQueueScheduler\src\main\java\com\devglan\utils\DateUtils.java
C:\mocroWare\LokosQueueScheduler\src\main\java\com\devglan\model\SHGDesignationEntity.java
C:\mocroWare\LokosQueueScheduler\src\main\java\com\devglan\tenant\dao\ShgMcpDao.java
C:\mocroWare\LokosQueueScheduler\src\main\java\com\devglan\model\MemberSystemTagsEntity.java
C:\mocroWare\LokosQueueScheduler\src\main\java\com\devglan\tenant\dao\SHGDesignationDao.java
C:\mocroWare\LokosQueueScheduler\src\main\java\com\devglan\model\UploadVoMeeting.java
C:\mocroWare\LokosQueueScheduler\src\main\java\com\devglan\domain\MemberKYCDetails.java
C:\mocroWare\LokosQueueScheduler\src\main\java\com\devglan\domain\VoFinTxn.java
C:\mocroWare\LokosQueueScheduler\src\main\java\com\devglan\domain\ShgGroupLoan.java
C:\mocroWare\LokosQueueScheduler\src\main\java\com\devglan\domain\CadreShgMembersModel.java
C:\mocroWare\LokosQueueScheduler\src\main\java\com\devglan\tenant\dao\ShgLoanApplicationDao.java
C:\mocroWare\LokosQueueScheduler\src\main\java\com\devglan\domain\VoMtgDet.java
C:\mocroWare\LokosQueueScheduler\src\main\java\com\devglan\utils\ServiceConstants.java
C:\mocroWare\LokosQueueScheduler\src\main\java\com\devglan\model\UsersRoleRightsMapEntity.java
C:\mocroWare\LokosQueueScheduler\src\main\java\com\devglan\model\VoFinTxnEntity.java
C:\mocroWare\LokosQueueScheduler\src\main\java\com\devglan\domain\ShgMemLoanTxn.java
C:\mocroWare\LokosQueueScheduler\src\main\java\com\devglan\config\TenantDBConfig.java
C:\mocroWare\LokosQueueScheduler\src\main\java\com\devglan\tenant\dao\ShgFinTxnDao.java
C:\mocroWare\LokosQueueScheduler\src\main\java\com\devglan\tenant\dao\ProfileMasterDataDao.java
C:\mocroWare\LokosQueueScheduler\src\main\java\com\devglan\mapper\VoMeetingMapper.java
C:\mocroWare\LokosQueueScheduler\src\main\java\com\devglan\mapper\MemberMapper.java
C:\mocroWare\LokosQueueScheduler\src\main\java\com\devglan\domain\FederationProfile.java
C:\mocroWare\LokosQueueScheduler\src\main\java\com\devglan\tenant\dao\MemberAddressesDetailsDao.java
C:\mocroWare\LokosQueueScheduler\src\main\java\com\devglan\domain\CBOBankDetails.java
C:\mocroWare\LokosQueueScheduler\src\main\java\com\devglan\domain\VoLoanApplication.java
C:\mocroWare\LokosQueueScheduler\src\main\java\com\devglan\domain\VoMtg.java
C:\mocroWare\LokosQueueScheduler\src\main\java\com\devglan\tenant\dao\ShgMemLoanScheduleDao.java
C:\mocroWare\LokosQueueScheduler\src\main\java\com\devglan\service\PGFunctionProcedureService.java
C:\mocroWare\LokosQueueScheduler\src\main\java\com\devglan\utils\ProfileTypeConstants.java
C:\mocroWare\LokosQueueScheduler\src\main\java\com\devglan\tenant\dao\ShgFinTxnDetMemDao.java
C:\mocroWare\LokosQueueScheduler\src\main\java\com\devglan\model\ClfFinTxnDetMemEntity.java
C:\mocroWare\LokosQueueScheduler\src\main\java\com\devglan\tenant\dao\DocumentDetailsDao.java
C:\mocroWare\LokosQueueScheduler\src\main\java\com\devglan\tenant\dao\VoFinTxnDetGrpEntityDao.java
C:\mocroWare\LokosQueueScheduler\src\main\java\com\devglan\domain\CboMappingDetails.java
C:\mocroWare\LokosQueueScheduler\src\main\java\com\devglan\domain\CboKYCDetails.java
C:\mocroWare\LokosQueueScheduler\src\main\java\com\devglan\domain\MemberDetailsForMapping.java
C:\mocroWare\LokosQueueScheduler\src\main\java\com\devglan\model\UserDetails.java
C:\mocroWare\LokosQueueScheduler\src\main\java\com\devglan\tenant\dao\VoMtgDetEntityDao.java
C:\mocroWare\LokosQueueScheduler\src\main\java\com\devglan\model\PanchayatMasterEntity.java
C:\mocroWare\LokosQueueScheduler\src\main\java\com\devglan\Application.java
C:\mocroWare\LokosQueueScheduler\src\main\java\com\devglan\model\ShgLoanApplicationEntity.java
C:\mocroWare\LokosQueueScheduler\src\main\java\com\devglan\tenant\dao\ProcessingJsonDao.java
C:\mocroWare\LokosQueueScheduler\src\main\java\com\devglan\tenant\dao\ShgGroupLoanTxnDao.java
C:\mocroWare\LokosQueueScheduler\src\main\java\com\devglan\model\StateMasterEntity.java
C:\mocroWare\LokosQueueScheduler\src\main\java\com\devglan\model\VillageMasterEntity.java
C:\mocroWare\LokosQueueScheduler\src\main\java\com\devglan\tenant\dao\CadreShgMembersDao.java
C:\mocroWare\LokosQueueScheduler\src\main\java\com\devglan\domain\VoGroupLoan.java
C:\mocroWare\LokosQueueScheduler\src\main\java\com\devglan\model\ShgMcpEntity.java
C:\mocroWare\LokosQueueScheduler\src\main\java\com\devglan\domain\VoMemLoanSchedule.java
C:\mocroWare\LokosQueueScheduler\src\main\java\com\devglan\SchedulerConfig.java
C:\mocroWare\LokosQueueScheduler\src\main\java\com\devglan\model\FederationProfileEntity.java
C:\mocroWare\LokosQueueScheduler\src\main\java\com\devglan\domain\VoGroupLoanTxn.java
C:\mocroWare\LokosQueueScheduler\src\main\java\com\devglan\model\CadreNonMembersEntity.java
C:\mocroWare\LokosQueueScheduler\src\main\java\com\devglan\domain\MemberInsurance.java
C:\mocroWare\LokosQueueScheduler\src\main\java\com\devglan\tenant\dao\UsersRoleRightsMapDao.java
C:\mocroWare\LokosQueueScheduler\src\main\java\com\devglan\model\VoFinTxnDetMemEntity.java
C:\mocroWare\LokosQueueScheduler\src\main\java\com\devglan\model\ClfMemLoanScheduleEntity.java
